
> sme-guard@0.0.0 build
> vite build

[36mvite v7.2.4 [32mbuilding client environment for production...[36m[39m
transforming...
[32mÔ£ô[39m 3 modules transformed.
node.exe : 
[31mÔ£ù[39m Build 
failed in 799ms
At line:1 char:1
+ & "C:\Program Files
\nodejs/node.exe" 
"C:\Program 
Files\nodejs/node_mo 
...
+ ~~~~~~~~~~~~~~~~~~~
~~~~~~~~~~~~~~~~~~~~~
~~~~~~~~~~~~~~~~~~~~~
~~~~~~~~
    + CategoryInfo   
           : NotSpe  
  cified: ([31mÔ£   
 ù[39m Build fai    
led in 799ms:Str    
ing) [], RemoteE    
xception
    + FullyQualified 
   ErrorId : Native  
  CommandError
 
[31merror during 
build:
[31m[vite:css] 
[postcss] Unexpected 
token (2:1)[31m
file: [36mC:/Users/F
ikira/Antigravity/sme
-guard/src/index.css:
undefined:NaN[31m
    at unexpected (C:
\Users\Fikira\Antigra
vity\sme-guard\node_m
odules\sucrase\dist\p
arser\traverser\util.
js:99:15)
    at parseExprAtom 
(C:\Users\Fikira\Anti
gravity\sme-guard\nod
e_modules\sucrase\dis
t\parser\traverser\ex
pression.js:594:24)
    at 
parseExprSubscripts (
C:\Users\Fikira\Antig
ravity\sme-guard\node
_modules\sucrase\dist
\parser\traverser\exp
ression.js:276:20)
    at 
parseMaybeUnary (C:\U
sers\Fikira\Antigravi
ty\sme-guard\node_mod
ules\sucrase\dist\par
ser\traverser\express
ion.js:257:20)
    at parseExprOps (
C:\Users\Fikira\Antig
ravity\sme-guard\node
_modules\sucrase\dist
\parser\traverser\exp
ression.js:185:20)
    at parseMaybeCond
itional (C:\Users\Fik
ira\Antigravity\sme-g
uard\node_modules\suc
rase\dist\parser\trav
erser\expression.js:1
57:20)
    at 
baseParseMaybeAssign 
(C:\Users\Fikira\Anti
gravity\sme-guard\nod
e_modules\sucrase\dis
t\parser\traverser\ex
pression.js:142:20)
    at tsParseMaybeAs
signWithoutJSX (C:\Us
ers\Fikira\Antigravit
y\sme-guard\node_modu
les\sucrase\dist\pars
er\plugins\typescript
.js:1580:45)
    at 
tsParseMaybeAssign (C
:\Users\Fikira\Antigr
avity\sme-guard\node_
modules\sucrase\dist\
parser\plugins\typesc
ript.js:1548:12)
    at 
parseMaybeAssign (C:\
Users\Fikira\Antigrav
ity\sme-guard\node_mo
dules\sucrase\dist\pa
rser\traverser\expres
sion.js:121:43)[39m
